Command: C:\Users\pcj84\.espressif\python_env\idf5.5_py3.11_env\Scripts\python.exe C:\Users\pcj84\esp\v5.5.1\esp-idf\tools/idf_monitor.py -p COM4 -b 115200 --toolchain-prefix xtensa-esp32-elf- --target esp32 --revision 0 D:\PAE-HP\C-programa\TODO PROGRAMA\slave_init_bo\slave\build\slave.elf D:\PAE-HP\C-programa\TODO PROGRAMA\slave_init_bo\slave\build\bootloader\bootloader.elf --force-color -m 'C:\Users\pcj84\.espressif\python_env\idf5.5_py3.11_env\Scripts\python.exe' 'C:\Users\pcj84\esp\v5.5.1\esp-idf\tools\idf.py' '-p' 'COM4'
0x00,cs0_drel            Usage          Type ST Offset   Length
[0;32mI (58) boot:  0 nvs              WiFi data        01 02 00009000 00006000[0m
[0;32mI (64) boot:  1 phy_init         RF data          01 01 0000f000 00001000[0m
[0;32mI (71) boot:  2 factory          factory app      00 00 00010000 00100000[0m
ï¿½ets Jun  8 2016 00:22:57

rst:0x1 (POWERON_RESET),boot:0x17 (SPI_FAST_FLASH_BOOT)
configsip: 0, SPIWP:0xee
clk_drv:0x00,q_drv:0x00,d_drv:0x00,cs0_drv:0x00,hd_drv:0x00,wp_drv:0x00
mode:DIO, clock div:2
load:0x3fff0030,len:6380
ho 0 tail 12 room 4
load:0x40078000,len:15916
load:0x40080400,len:3860
entry 0x40080638
[0;32mI (29) boot: ESP-IDF v5.5.1 2nd stage bootloader[0m
[0;32mI (29) boot: compile time Dec 25 2025 13:27:01[0m
[0;32mI (29) boot: Multicore bootloader[0m
[0;32mI (31) boot: chip revision: v1.0[0m
[0;32mI (33) boot.esp32: SPI Speed      : 40MHz[0m
[0;32mI (37) boot.esp32: SPI Mode       : DIO[0m
[0;32mI (41) boot.esp32: SPI Flash Size : 2MB[0m
[0;32mI (44) boot: Enabling RNG early entropy source...[0m
[0;32mI (49) boot: Partition Table:[0m
[0;32mI (51) boot: ## Label            Usage          Type ST Offset   Length[0m
[0;32mI (58) boot:  0 nvs              WiFi data        01 02 00009000 00006000[0m
[0;32mI (64) boot:  1 phy_init         RF data          01 01 0000f000 00001000[0m
[0;32mI (71) boot:  2 factory          factory app      00 00 00010000 00100000[0m
[0;32mI (77) boot: End of partition table[0m
[0;32mI (81) esp_image: segment 0: paddr=00010020 vaddr=3f400020 size=0c78ch ( 51084) map[0m
[0;32mI (105) esp_image: segment 1: paddr=0001c7b4 vaddr=3ffb0000 size=02fb0h ( 12208) load[0m
[0;32mI (110) esp_image: segment 2: paddr=0001f76c vaddr=40080000 size=008ach (  2220) load[0m
[0;32mI (111) esp_image: segment 3: paddr=00020020 vaddr=400d0020 size=1faf4h (129780) map[0m
[0;32mI (161) esp_image: segment 4: paddr=0003fb1c vaddr=400808ac size=0d464h ( 54372) load[0m
[0;32mI (183) esp_image: segment 5: paddr=0004cf88 vaddr=50000000 size=00020h (    32) load[0m
[0;32mI (190) boot: Loaded app from partition at offset 0x10000[0m
[0;32mI (190) boot: Disabling RNG early entropy source...[0m
[0;32mI (201) cpu_start: Multicore app[0m
[0;32mI (209) cpu_start: Pro cpu start user code[0m
[0;32mI (209) cpu_start: cpu freq: 160000000 Hz[0m
[0;32mI (209) app_init: Application information:[0m
[0;32mI (212) app_init: Project name:     slave[0m
[0;32mI (217) app_init: App version:      e1cd562-dirty[0m
[0;32mI (222) app_init: Compile time:     Dec 25 2025 13:26:32[0m
[0;32mI (228) app_init: ELF file SHA256:  c9e4c205ca2dbf75...[0m
[0;32mI (234) app_init: ESP-IDF:          v5.5.1[0m
[0;32mI (239) efuse_init: Min chip rev:     v0.0[0m
[0;32mI (244) efuse_init: Max chip rev:     v3.99 [0m
[0;32mI (249) efuse_init: Chip rev:         v1.0[0m
[0;32mI (254) heap_init: Initializing. RAM available for dynamic allocation:[0m
[0;32mI (261) heap_init: At 3FFAE6E0 len 00001920 (6 KiB): DRAM[0m
[0;32mI (267) heap_init: At 3FFB5B90 len 0002A470 (169 KiB): DRAM[0m
[0;32mI (273) heap_init: At 3FFE0440 len 00003AE0 (14 KiB): D/IRAM[0m
[0;32mI (279) heap_init: At 3FFE4350 len 0001BCB0 (111 KiB): D/IRAM[0m
[0;32mI (286) heap_init: At 4008DD10 len 000122F0 (72 KiB): IRAM[0m
[0;32mI (293) spi_flash: detected chip: generic[0m
[0;32mI (297) spi_flash: flash io: dio[0m
[0;33mW (300) spi_flash: Detected size(4096k) larger than the size in the binary image header(2048k). Using the size in the binary image header.[0m
[0;32mI (314) main_task: Started on CPU0[0m
[0;32mI (324) main_task: Calling app_main()[0m
[0;32mI (504) APP_MAIN: Configurando hardware externo...[0m
[0;32mI (504) APP_MAIN: --- ARRANCANDO NODO CANOPEN (HÃ­brido PDO/Emergencia) ---[0m
[0;32mI (504) CO_LOGIC: Iniciando Comunicacion...[0m
[0;31mE (514) CO_driver: >>> DEBUG: Intentando iniciar CAN con TX=5 y RX=4[0m
[0;32mI (524) CO_driver: Driver installed[0m
[0;32mI (524) CO_driver: Driver started[0m
[0;32mI (524) CO_driver: Creating Tx Task[0m
[0;32mI (534) CO_driver: Creating Rx Task[0m
[0;32mI (534) CO_driver: tx task running[0m
[0;32mI (544) CO_driver: rx task running[0m
[0;32mI (534) CO_LOGIC: Creando Tarea Periodica...[0m
[0;32mI (554) CO_LOGIC: NODO OPERATIVO. ID: 255[0m
[0;32mI (1554) CO_LOGIC: [AUTO] Actualizando OD 0x6000 a: 1[0m
[0;32mI (2564) CO_LOGIC: [AUTO] Actualizando OD 0x6000 a: 2[0m
[0;32mI (3574) CO_LOGIC: [AUTO] Actualizando OD 0x6000 a: 3[0m
[0;32mI (4584) CO_LOGIC: [AUTO] Actualizando OD 0x6000 a: 4[0m
[0;32mI (5594) CO_LOGIC: [AUTO] Actualizando OD 0x6000 a: 5[0m
[0;32mI (6604) CO_LOGIC: [AUTO] Actualizando OD 0x6000 a: 6[0m
[0;32mI (7614) CO_LOGIC: [AUTO] Actualizando OD 0x6000 a: 7[0m
[0;32mI (8624) CO_LOGIC: [AUTO] Actualizando OD 0x6000 a: 8[0m
[0;32mI (9634) CO_LOGIC: [AUTO] Actualizando OD 0x6000 a: 9[0m
[0;32mI (10644) CO_LOGIC: [AUTO] Actualizando OD 0x6000 a: 10[0m
[0;32mI (11654) CO_LOGIC: [AUTO] Actualizando OD 0x6000 a: 11[0m
[0;32mI (12664) CO_LOGIC: [AUTO] Actualizando OD 0x6000 a: 12[0m
[0;32mI (13674) CO_LOGIC: [AUTO] Actualizando OD 0x6000 a: 13[0m
[0;32mI (14684) CO_LOGIC: [AUTO] Actualizando OD 0x6000 a: 14[0m
[0;32mI (15694) CO_LOGIC: [AUTO] Actualizando OD 0x6000 a: 15[0m
[0;32mI (16704) CO_LOGIC: [AUTO] Actualizando OD 0x6000 a: 16[0m
[0;32mI (17714) CO_LOGIC: [AUTO] Actualizando OD 0x6000 a: 17[0m
[0;32mI (18724) CO_LOGIC: [AUTO] Actualizando OD 0x6000 a: 18[0m
[0;32mI (19734) CO_LOGIC: [AUTO] Actualizando OD 0x6000 a: 19[0m
[0;32mI (20744) CO_LOGIC: [AUTO] Actualizando OD 0x6000 a: 20[0m
[0;32mI (21754) CO_LOGIC: [AUTO] Actualizando OD 0x6000 a: 21[0m
[0;32mI (22764) CO_LOGIC: [AUTO] Actualizando OD 0x6000 a: 22[0m
[0;32mI (23774) CO_LOGIC: [AUTO] Actualizando OD 0x6000 a: 23[0m
[0;32mI (24784) CO_LOGIC: [AUTO] Actualizando OD 0x6000 a: 24[0m
[0;32mI (25794) CO_LOGIC: [AUTO] Actualizando OD 0x6000 a: 25[0m
[0;32mI (26804) CO_LOGIC: [AUTO] Actualizando OD 0x6000 a: 26[0m
[0;32mI (27814) CO_LOGIC: [AUTO] Actualizando OD 0x6000 a: 27[0m
[0;32mI (28824) CO_LOGIC: [AUTO] Actualizando OD 0x6000 a: 28[0m
[0;32mI (29834) CO_LOGIC: [AUTO] Actualizando OD 0x6000 a: 29[0m
[0;32mI (30844) CO_LOGIC: [AUTO] Actualizando OD 0x6000 a: 30[0m
[0;32mI (31854) CO_LOGIC: [AUTO] Actualizando OD 0x6000 a: 31[0m
[0;32mI (32864) CO_LOGIC: [AUTO] Actualizando OD 0x6000 a: 32[0m
[0;32mI (33874) CO_LOGIC: [AUTO] Actualizando OD 0x6000 a: 33[0m
[0;32mI (34884) CO_LOGIC: [AUTO] Actualizando OD 0x6000 a: 34[0m
[0;32mI (35894) CO_LOGIC: [AUTO] Actualizando OD 0x6000 a: 35[0m
[0;32mI (36904) CO_LOGIC: [AUTO] Actualizando OD 0x6000 a: 36[0m
[0;32mI (37914) CO_LOGIC: [AUTO] Actualizando OD 0x6000 a: 37[0m
[0;32mI (38924) CO_LOGIC: [AUTO] Actualizando OD 0x6000 a: 38[0m
[0;32mI (39934) CO_LOGIC: [AUTO] Actualizando OD 0x6000 a: 39[0m
[0;32mI (40944) CO_LOGIC: [AUTO] Actualizando OD 0x6000 a: 40[0m
[0;32mI (41954) CO_LOGIC: [AUTO] Actualizando OD 0x6000 a: 41[0m
[0;32mI (42964) CO_LOGIC: [AUTO] Actualizando OD 0x6000 a: 42[0m
[0;32mI (43974) CO_LOGIC: [AUTO] Actualizando OD 0x6000 a: 43[0m
[0;32mI (44984) CO_LOGIC: [AUTO] Actualizando OD 0x6000 a: 44[0m
[0;32mI (45994) CO_LOGIC: [AUTO] Actualizando OD 0x6000 a: 45[0m
[0;32mI (47004) CO_LOGIC: [AUTO] Actualizando OD 0x6000 a: 46[0m
[0;32mI (48014) CO_LOGIC: [AUTO] Actualizando OD 0x6000 a: 47[0m
[0;32mI (49024) CO_LOGIC: [AUTO] Actualizando OD 0x6000 a: 48[0m
[0;32mI (50034) CO_LOGIC: [AUTO] Actualizando OD 0x6000 a: 49[0m
[0;32mI (51044) CO_LOGIC: [AUTO] Actualizando OD 0x6000 a: 50[0m
[0;32mI (52054) CO_LOGIC: [AUTO] Actualizando OD 0x6000 a: 51[0m
[0;32mI (53064) CO_LOGIC: [AUTO] Actualizando OD 0x6000 a: 52[0m
[0;32mI (54074) CO_LOGIC: [AUTO] Actualizando OD 0x6000 a: 53[0m
[0;32mI (55084) CO_LOGIC: [AUTO] Actualizando OD 0x6000 a: 54[0m
[0;32mI (56094) CO_LOGIC: [AUTO] Actualizando OD 0x6000 a: 55[0m
[0;32mI (57104) CO_LOGIC: [AUTO] Actualizando OD 0x6000 a: 56[0m
[0;32mI (58114) CO_LOGIC: [AUTO] Actualizando OD 0x6000 a: 57[0m
[0;32mI (59124) CO_LOGIC: [AUTO] Actualizando OD 0x6000 a: 58[0m
[0;32mI (60134) CO_LOGIC: [AUTO] Actualizando OD 0x6000 a: 59[0m
[0;32mI (61144) CO_LOGIC: [AUTO] Actualizando OD 0x6000 a: 60[0m
[0;32mI (62154) CO_LOGIC: [AUTO] Actualizando OD 0x6000 a: 61[0m
[0;32mI (63164) CO_LOGIC: [AUTO] Actualizando OD 0x6000 a: 62[0m
[0;32mI (64174) CO_LOGIC: [AUTO] Actualizando OD 0x6000 a: 63[0m
[0;32mI (65184) CO_LOGIC: [AUTO] Actualizando OD 0x6000 a: 64[0m
[0;32mI (66194) CO_LOGIC: [AUTO] Actualizando OD 0x6000 a: 65[0m
