Command: C:\Espressif\python_env\idf5.5_py3.10_env\Scripts\python.exe C:\Users\guill\esp\v5.5.1\esp-idf\tools/idf_monitor.py -p COM5 -b 115200 --toolchain-prefix xtensa-esp32-elf- --target esp32 --revision 0 C:\Users\guill\OneDrive\Documents\firmware_updater_updated_repo\slave_init_bo\slave\build\slave.elf C:\Users\guill\OneDrive\Documents\firmware_updater_updated_repo\slave_init_bo\slave\build\bootloader\bootloader.elf --force-color -m 'C:\Espressif\python_env\idf5.5_py3.10_env\Scripts\python.exe' 'C:\Users\guill\esp\v5.5.1\esp-idf\tools\idf.py' '-p' 'COM5'
0x1 (POWERON_RESET),boot:0x12 (SPI_FAST_FLASH_BOOT)
configsip: 0, SPIWP:0xee
clk_drv:0x00,q_drv:0x00,d_drv:0x00,cs0_drv:0x00,hd_drv:0x00,wp_drv:0x00
modeï¿½ets Jul 29 2019 12:21:46

rst:0x1 (POWERON_RESET),boot:0x12 (SPI_FAST_FLASH_BOOT)
configsip: 0, SPIWP:0xee
clk_drv:0x00,q_drv:0x00,d_drv:0x00,cs0_drv:0x00,hd_drv:0x00,wp_drv:0x00
mode:DIO, clock div:2
load:0x3fff0030,len:6380
ho 0 tail 12 room 4
load:0x40078000,len:15916
load:0x40080400,len:3860
entry 0x40080638
[0;32mI (29) boot: ESP-IDF v5.5.1 2nd stage bootloader[0m
[0;32mI (29) boot: compile time Jan 16 2026 12:19:22[0m
[0;32mI (29) boot: Multicore bootloader[0m
[0;32mI (31) boot: chip revision: v3.1[0m
[0;32mI (33) boot.esp32: SPI Speed      : 40MHz[0m
[0;32mI (37) boot.esp32: SPI Mode       : DIO[0m
[0;32mI (41) boot.esp32: SPI Flash Size : 4MB[0m
[0;32mI (44) boot: Enabling RNG early entropy source...[0m
[0;32mI (49) boot: Partition Table:[0m
[0;32mI (51) boot: ## Label            Usage          Type ST Offset   Length[0m
[0;32mI (58) boot:  0 nvs              WiFi data        01 02 00009000 00006000[0m
[0;32mI (64) boot:  1 otadata          OTA data         01 00 0000f000 00002000[0m
[0;32mI (71) boot:  2 phy_init         RF data          01 01 00011000 00001000[0m
[0;32mI (77) boot:  3 factory          factory app      00 00 00020000 00120000[0m
[0;32mI (84) boot:  4 ota_0            OTA app          00 10 00140000 00120000[0m
[0;32mI (90) boot:  5 ota_1            OTA app          00 11 00260000 00120000[0m
[0;32mI (97) boot:  6 storage          Unknown data     01 82 00380000 00080000[0m
[0;32mI (103) boot: End of partition table[0m
[0;32mI (107) boot: Defaulting to factory image[0m
[0;32mI (110) esp_image: segment 0: paddr=00020020 vaddr=3f400020 size=0e5c4h ( 58820) map[0m
[0;32mI (138) esp_image: segment 1: paddr=0002e5ec vaddr=3ffb0000 size=01a2ch (  6700) load[0m
[0;32mI (141) esp_image: segment 2: paddr=00030020 vaddr=400d0020 size=23af4h (146164) map[0m
[0;32mI (192) esp_image: segment 3: paddr=00053b1c vaddr=3ffb1a2c size=01004h (  4100) load[0m
[0;32mI (194) esp_image: segment 4: paddr=00054b28 vaddr=40080000 size=0e01ch ( 57372) load[0m
[0;32mI (218) esp_image: segment 5: paddr=00062b4c vaddr=50000000 size=00020h (    32) load[0m
[0;32mI (225) boot: Loaded app from partition at offset 0x20000[0m
[0;32mI (225) boot: Disabling RNG early entropy source...[0m
[0;32mI (236) cpu_start: Multicore app[0m
[0;32mI (245) cpu_start: Pro cpu start user code[0m
[0;32mI (245) cpu_start: cpu freq: 160000000 Hz[0m
[0;32mI (245) app_init: Application information:[0m
[0;32mI (248) app_init: Project name:     slave[0m
[0;32mI (252) app_init: App version:      1[0m
[0;32mI (257) app_init: Compile time:     Jan 16 2026 12:19:02[0m
[0;32mI (263) app_init: ELF file SHA256:  bb4703264f42952c...[0m
[0;32mI (269) app_init: ESP-IDF:          v5.5.1[0m
[0;32mI (273) efuse_init: Min chip rev:     v0.0[0m
[0;32mI (278) efuse_init: Max chip rev:     v3.99 [0m
[0;32mI (283) efuse_init: Chip rev:         v3.1[0m
[0;32mI (288) heap_init: Initializing. RAM available for dynamic allocation:[0m
[0;32mI (295) heap_init: At 3FFAE6E0 len 00001920 (6 KiB): DRAM[0m
[0;32mI (301) heap_init: At 3FFB56D8 len 0002A928 (170 KiB): DRAM[0m
[0;32mI (307) heap_init: At 3FFE0440 len 00003AE0 (14 KiB): D/IRAM[0m
[0;32mI (314) heap_init: At 3FFE4350 len 0001BCB0 (111 KiB): D/IRAM[0m
[0;32mI (320) heap_init: At 4008E01C len 00011FE4 (71 KiB): IRAM[0m
[0;32mI (328) spi_flash: detected chip: generic[0m
[0;32mI (331) spi_flash: flash io: dio[0m
[0;32mI (336) main_task: Started on CPU0[0m
[0;32mI (346) main_task: Calling app_main()[0m
[0;32mI (356) APP_MAIN: Configurando hardware externo...[0m
[0;32mI (356) APP_MAIN: --- ARRANCANDO NODO CANOPEN (HÃ­brido PDO/Emergencia) ---[0m
[0;32mI (356) CO_LOGIC: Iniciando Comunicacion...[0m
[0;31mE (356) CO_driver: >>> DEBUG: Intentando iniciar CAN con TX=5 y RX=4[0m
[0;32mI (366) CO_driver: Driver installed[0m
[0;32mI (376) CO_driver: Driver started[0m
[0;32mI (376) CO_driver: Creating Tx Task[0m
[0;32mI (376) CO_driver: Creating Rx Task[0m
[0;32mI (376) CO_driver: tx task running[0m
[0;33mW (386) fw_server: No CRC in NVS, computing from flash (may be inaccurate)[0m
[0;32mI (386) CO_driver: rx task running[0m
[0;32mI (466) fw_server: Running firmware CRC: 0x63C5 (partition factory)[0m
[0;32mI (466) fw_server: Running firmware CRC computed: 0x63C5 (no NVS entry)[0m
[0;32mI (466) fw_server: Running firmware version: 0 (no NVS/Kconfig)[0m
[0;32mI (476) fw_server: Firmware download objects registered[0m
[0;32mI (476) CO_LOGIC: Creando Tarea Periodica...[0m
[0;32mI (486) CO_LOGIC: NODO OPERATIVO. ID: 255[0m
