Command: C:\Users\pcj84\.espressif\python_env\idf5.5_py3.11_env\Scripts\python.exe C:\Users\pcj84\esp\v5.5.1\esp-idf\tools/idf_monitor.py -p COM4 -b 115200 --toolchain-prefix xtensa-esp32-elf- --target esp32 --revision 0 D:\PAE-HP\C-programa\TODO PROGRAMA\slave_init_bo\slave\build\slave.elf D:\PAE-HP\C-programa\TODO PROGRAMA\slave_init_bo\slave\build\bootloader\bootloader.elf --force-color -m 'C:\Users\pcj84\.espressif\python_env\idf5.5_py3.11_env\Scripts\python.exe' 'C:\Users\pcj84\esp\v5.5.1\esp-idf\tools\idf.py' '-p' 'COM4'
configsip: 0, SPIWP:0xee
clk_drv:0x00,q_drv:0x00,d_drv:0x00,cs0_drv:0x00,hd_drv:0x00,wp_drv:0x00
mode:DIO, clock div:2
load:0x3fff0030,len:6380
ho 0 tail 12 room 4
load:0x40078000,len:15916ï¿½ets Jul 29 2019 12:21:46

rst:0x1 (POWERON_RESET),boot:0x12 (SPI_FAST_FLASH_BOOT)
configsip: 0, SPIWP:0xee
clk_drv:0x00,q_drv:0x00,d_drv:0x00,cs0_drv:0x00,hd_drv:0x00,wp_drv:0x00
mode:DIO, clock div:2
load:0x3fff0030,len:6380
ho 0 tail 12 room 4
load:0x40078000,len:15916
load:0x40080400,len:3860
entry 0x40080638
[0;32mI (29) boot: ESP-IDF v5.5.1 2nd stage bootloader[0m
[0;32mI (29) boot: compile time Dec 25 2025 13:27:01[0m
[0;32mI (29) boot: Multicore bootloader[0m
[0;32mI (31) boot: chip revision: v3.1[0m
[0;32mI (33) boot.esp32: SPI Speed      : 40MHz[0m
[0;32mI (37) boot.esp32: SPI Mode       : DIO[0m
[0;32mI (41) boot.esp32: SPI Flash Size : 2MB[0m
[0;32mI (44) boot: Enabling RNG early entropy source...[0m
[0;32mI (49) boot: Partition Table:[0m
[0;32mI (51) boot: ## Label            Usage          Type ST Offset   Length[0m
[0;32mI (58) boot:  0 nvs              WiFi data        01 02 00009000 00006000[0m
[0;32mI (64) boot:  1 phy_init         RF data          01 01 0000f000 00001000[0m
[0;32mI (71) boot:  2 factory          factory app      00 00 00010000 00100000[0m
[0;32mI (77) boot: End of partition table[0m
[0;32mI (81) esp_image: segment 0: paddr=00010020 vaddr=3f400020 size=0c78ch ( 51084) map[0m
[0;32mI (105) esp_image: segment 1: paddr=0001c7b4 vaddr=3ffb0000 size=02fb0h ( 12208) load[0m
[0;32mI (110) esp_image: segment 2: paddr=0001f76c vaddr=40080000 size=008ach (  2220) load[0m
[0;32mI (111) esp_image: segment 3: paddr=00020020 vaddr=400d0020 size=1fb00h (129792) map[0m
[0;32mI (161) esp_image: segment 4: paddr=0003fb28 vaddr=400808ac size=0d464h ( 54372) load[0m
[0;32mI (183) esp_image: segment 5: paddr=0004cf94 vaddr=50000000 size=00020h (    32) load[0m
[0;32mI (190) boot: Loaded app from partition at offset 0x10000[0m
[0;32mI (190) boot: Disabling RNG early entropy source...[0m
[0;32mI (201) cpu_start: Multicore app[0m
[0;32mI (209) cpu_start: Pro cpu start user code[0m
[0;32mI (209) cpu_start: cpu freq: 160000000 Hz[0m
[0;32mI (209) app_init: Application information:[0m
[0;32mI (212) app_init: Project name:     slave[0m
[0;32mI (217) app_init: App version:      e1cd562-dirty[0m
[0;32mI (222) app_init: Compile time:     Dec 25 2025 13:26:32[0m
[0;32mI (228) app_init: ELF file SHA256:  ea6834149c5855aa...[0m
[0;32mI (234) app_init: ESP-IDF:          v5.5.1[0m
[0;32mI (239) efuse_init: Min chip rev:     v0.0[0m
[0;32mI (244) efuse_init: Max chip rev:     v3.99 [0m
[0;32mI (249) efuse_init: Chip rev:         v3.1[0m
[0;32mI (254) heap_init: Initializing. RAM available for dynamic allocation:[0m
[0;32mI (261) heap_init: At 3FFAE6E0 len 00001920 (6 KiB): DRAM[0m
[0;32mI (267) heap_init: At 3FFB5B90 len 0002A470 (169 KiB): DRAM[0m
[0;32mI (273) heap_init: At 3FFE0440 len 00003AE0 (14 KiB): D/IRAM[0m
[0;32mI (279) heap_init: At 3FFE4350 len 0001BCB0 (111 KiB): D/IRAM[0m
[0;32mI (286) heap_init: At 4008DD10 len 000122F0 (72 KiB): IRAM[0m
[0;33mW (293) spi_flash: Detected boya flash chip but using generic driver. For optimal functionality, enable `SPI_FLASH_SUPPORT_BOYA_CHIP` in menuconfig[0m
[0;32mI (306) spi_flash: detected chip: generic[0m
[0;32mI (311) spi_flash: flash io: dio[0m
[0;33mW (314) spi_flash: Detected size(4096k) larger than the size in the binary image header(2048k). Using the size in the binary image header.[0m
[0;32mI (328) main_task: Started on CPU0[0m
[0;32mI (338) main_task: Calling app_main()[0m
[0;32mI (348) APP_MAIN: Configurando hardware externo...[0m
[0;32mI (348) APP_MAIN: --- ARRANCANDO NODO CANOPEN (HÃ­brido PDO/Emergencia) ---[0m
[0;32mI (348) CO_LOGIC: Iniciando Comunicacion...[0m
[0;31mE (358) CO_driver: >>> DEBUG: Intentando iniciar CAN con TX=5 y RX=4[0m
[0;32mI (368) CO_driver: Driver installed[0m
[0;32mI (368) CO_driver: Driver started[0m
[0;32mI (368) CO_driver: Creating Tx Task[0m
[0;32mI (378) CO_driver: Creating Rx Task[0m
[0;32mI (378) CO_driver: tx task running[0m
[0;32mI (388) CO_driver: rx task running[0m
[0;32mI (378) CO_LOGIC: Creando Tarea Periodica...[0m
[0;32mI (398) CO_LOGIC: NODO OPERATIVO. ID: 255[0m
[0;32mI (1398) CO_LOGIC: [AUTO] Actualizando OD 0x6000 a: 1[0m
[0;32mI (2408) CO_LOGIC: [AUTO] Actualizando OD 0x6000 a: 2[0m
[0;32mI (3418) CO_LOGIC: [AUTO] Actualizando OD 0x6000 a: 3[0m
[0;32mI (4428) CO_LOGIC: [AUTO] Actualizando OD 0x6000 a: 4[0m
[0;32mI (5438) CO_LOGIC: [AUTO] Actualizando OD 0x6000 a: 5[0m
[0;32mI (6448) CO_LOGIC: [AUTO] Actualizando OD 0x6000 a: 6[0m
[0;32mI (7458) CO_LOGIC: [AUTO] Actualizando OD 0x6000 a: 7[0m
[0;32mI (8468) CO_LOGIC: [AUTO] Actualizando OD 0x6000 a: 8[0m
[0;32mI (9478) CO_LOGIC: [AUTO] Actualizando OD 0x6000 a: 9[0m
[0;32mI (10488) CO_LOGIC: [AUTO] Actualizando OD 0x6000 a: 10[0m
[0;32mI (11498) CO_LOGIC: [AUTO] Actualizando OD 0x6000 a: 11[0m
[0;32mI (12508) CO_LOGIC: [AUTO] Actualizando OD 0x6000 a: 12[0m
[0;32mI (13518) CO_LOGIC: [AUTO] Actualizando OD 0x6000 a: 13[0m
[0;32mI (14528) CO_LOGIC: [AUTO] Actualizando OD 0x6000 a: 14[0m
[0;32mI (15538) CO_LOGIC: [AUTO] Actualizando OD 0x6000 a: 15[0m
[0;32mI (16548) CO_LOGIC: [AUTO] Actualizando OD 0x6000 a: 16[0m
[0;32mI (17558) CO_LOGIC: [AUTO] Actualizando OD 0x6000 a: 17[0m
[0;32mI (18568) CO_LOGIC: [AUTO] Actualizando OD 0x6000 a: 18[0m
[0;32mI (19578) CO_LOGIC: [AUTO] Actualizando OD 0x6000 a: 19[0m
[0;32mI (20588) CO_LOGIC: [AUTO] Actualizando OD 0x6000 a: 20[0m
[0;32mI (21598) CO_LOGIC: [AUTO] Actualizando OD 0x6000 a: 21[0m
[0;32mI (22608) CO_LOGIC: [AUTO] Actualizando OD 0x6000 a: 22[0m
[0;32mI (23618) CO_LOGIC: [AUTO] Actualizando OD 0x6000 a: 23[0m
[0;32mI (23688) CO_LOGIC: >>> [BUS] RX DATA[0m
[0;32mI (24628) CO_LOGIC: [AUTO] Actualizando OD 0x6000 a: 24[0m
[0;32mI (24688) CO_LOGIC: >>> [BUS] RX DATA[0m
[0;32mI (25638) CO_LOGIC: [AUTO] Actualizando OD 0x6000 a: 25[0m
[0;32mI (25688) CO_LOGIC: >>> [BUS] RX DATA[0m
[0;32mI (26648) CO_LOGIC: [AUTO] Actualizando OD 0x6000 a: 26[0m
[0;32mI (26688) CO_LOGIC: >>> [BUS] RX DATA[0m
[0;32mI (27658) CO_LOGIC: [AUTO] Actualizando OD 0x6000 a: 27[0m
[0;32mI (28668) CO_LOGIC: [AUTO] Actualizando OD 0x6000 a: 28[0m
[0;32mI (29678) CO_LOGIC: [AUTO] Actualizando OD 0x6000 a: 29[0m
[0;32mI (30688) CO_LOGIC: [AUTO] Actualizando OD 0x6000 a: 30[0m
[0;32mI (31698) CO_LOGIC: [AUTO] Actualizando OD 0x6000 a: 31[0m
:0x00,cs0_drï¿½ï¿½Í…ï¿½ï¿½ï¿½         Type ST Offset   Length
[0;32mI (58) boot:  0 nvs              WiFi data        01 02 00009000 00006000[0m
[0;32mI (64) boot:  1 phy_init         RF data          01 01 0000f000 00001000[0m
[0;32mI (71) boot:  2 factory          factory app      00 00 00010000 00100000[0m
[0;32mI (77) boot: End of partition table[0m
[0;32mI (81) esp_image: segment 0: paddr=00010020 vaddr=3f400020 size=0c78ch ( 51084) map[0m
[0;32mI (105) esp_image: segment 1: paddr=0001c7b4 vaddr=3ffb0000 size=02fb0h ( 12208) load[0m
[0;32mI (110) esp_image: segment 2: paddr=0001f76c vaddr=40080000 size=008ach (  2220) load[0m
[0;32mI (111) esp_image: segment 3: paddr=00020020 vaddr=400d0020 size=1fb00h (129792) map[0m
[0;32mI (161) esp_image: segment 4: paddr=0003fb28 vaddr=400808ac size=0d464h ( 54372) load[0m
[0;32mI (183) esp_image: segment 5: paddr=0004cf94 vaddr=50000000 size=00020h (    32) load[0m
[0;32mI (190) boot: Loaded app from partition at offset 0x10000[0m
[0;32mI (190) boot: Disabling RNG early entropy source...[0m
[0;32mI (201) cpu_start: Multicore app[0m
[0;32mI (209) cpu_start: Pro cpu start user code[0m
[0;32mI (209) cpu_start: cpu freq: 160000000 Hz[0m
[0;32mI (209) app_init: Application information:[0m
[0;32mI (212) app_init: Project name:     slave[0m
[0;32mI (217) app_init: App version:      e1cd562-dirty[0m
[0;32mI (222) app_init: Compile time:     Dec 25 2025 13:26:32[0m
[0;32mI (228) app_init: ELF file SHA256:  ea6834149c5855aa...[0m
[0;32mI (234) app_init: ESP-IDF:          v5.5.1[0m
[0;32mI (239) efuse_init: Min chip rev:     v0.0[0m
[0;32mI (244) efuse_init: Max chip rev:     v3.99 [0m
[0;32mI (249) efuse_init: Chip rev:         v1.0[0m
[0;32mI (254) heap_init: Initializing. RAM available for dynamic allocation:[0m
[0;32mI (261) heap_init: At 3FFAE6E0 len 00001920 (6 KiB): DRAM[0m
[0;32mI (267) heap_init: At 3FFB5B90 len 0002A470 (169 KiB): DRAM[0m
[0;32mI (273) heap_init: At 3FFE0440 len 00003AE0 (14 KiB): D/IRAM[0m
[0;32mI (279) heap_init: At 3FFE4350 len 0001BCB0 (111 KiB): D/IRAM[0m
[0;32mI (286) heap_init: At 4008DD10 len 000122F0 (72 KiB): IRAM[0m
[0;32mI (293) spi_flash: detected chip: generic[0m
[0;32mI (297) spi_flash: flash io: dio[0m
[0;33mW (300) spi_flash: Detected size(4096k) larger than the size in the binary image header(2048k). Using the size in the binary image header.[0m
[0;32mI (314) main_task: Started on CPU0[0m
[0;32mI (324) main_task: Calling app_main()[0m
[0;32mI (504) APP_MAIN: Configurando hardware externo...[0m
[0;32mI (504) APP_MAIN: --- ARRANCANDO NODO CANOPEN (HÃ­brido PDO/Emergencia) ---[0m
[0;32mI (514) CO_LOGIC: Iniciando Comunicacion...[0m
[0;31mE (514) CO_driver: >>> DEBUG: Intentando iniciar CAN con TX=5 y RX=4[0m
[0;32mI (524) CO_driver: Driver installed[0m
[0;32mI (524) CO_driver: Driver started[0m
[0;32mI (534) CO_driver: Creating Tx Task[0m
[0;32mI (534) CO_driver: Creating Rx Task[0m
[0;32mI (534) CO_driver: tx task running[0m
[0;32mI (544) CO_driver: rx task running[0m
[0;32mI (534) CO_LOGIC: Creando Tarea Periodica...[0m
[0;32mI (554) CO_LOGIC: NODO OPERATIVO. ID: 255[0m
[0;32mI (1014) CO_LOGIC: >>> [BUS] RX DATA[0m
[0;32mI (1564) CO_LOGIC: [AUTO] Actualizando OD 0x6000 a: 1[0m
[0;32mI (2014) CO_LOGIC: >>> [BUS] RX DATA[0m
[0;32mI (2574) CO_LOGIC: [AUTO] Actualizando OD 0x6000 a: 2[0m
[0;32mI (3014) CO_LOGIC: >>> [BUS] RX DATA[0m
[0;32mI (3584) CO_LOGIC: [AUTO] Actualizando OD 0x6000 a: 3[0m
[0;32mI (4014) CO_LOGIC: >>> [BUS] RX DATA[0m
[0;32mI (4594) CO_LOGIC: [AUTO] Actualizando OD 0x6000 a: 4[0m
