Command: C:\Users\pcj84\.espressif\python_env\idf5.5_py3.11_env\Scripts\python.exe C:\Users\pcj84\esp\v5.5.1\esp-idf\tools/idf_monitor.py -p COM4 -b 115200 --toolchain-prefix xtensa-esp32-elf- --target esp32 --revision 0 D:\PAE-HP\C-programa\TODO PROGRAMA\slave_init_bo\slave\build\slave.elf D:\PAE-HP\C-programa\TODO PROGRAMA\slave_init_bo\slave\build\bootloader\bootloader.elf --force-color -m 'C:\Users\pcj84\.espressif\python_env\idf5.5_py3.11_env\Scripts\python.exe' 'C:\Users\pcj84\esp\v5.5.1\esp-idf\tools\idf.py' '-p' 'COM4'
v:0x00,hd_drï¿½Í…ï¿½ï¿½ï¿½         Type ST Offset   Length
[0;32mI (58) boot:  0 nvs              WiFi data        01 02 00009000 00006000[0m
[0;32mI (64) boot:  1 phy_init         RF data          01 01 0000f000 00001000[0m
[0;32mI (71) boot:  2 factory          factory app      00 00 00010000 00100000[0m
[0;32mI (77) boot: End of paï¿½ets Jun  8 2016 00:22:57[0m

rst:0x1 (POWERON_RESET),boot:0x17 (SPI_FAST_FLASH_BOOT)
configsip: 0, SPIWP:0xee
clk_drv:0x00,q_drv:0x00,d_drv:0x00,cs0_drv:0x00,hd_drv:0x00,wp_drv:0x00
mode:DIO, clock div:2
load:0x3fff0030,len:6380
ho 0 tail 12 room 4
load:0x40078000,len:15916
load:0x40080400,len:3860
entry 0x40080638
[0;32mI (29) boot: ESP-IDF v5.5.1 2nd stage bootloader[0m
[0;32mI (29) boot: compile time Dec 25 2025 13:27:01[0m
[0;32mI (29) boot: Multicore bootloader[0m
[0;32mI (31) boot: chip revision: v1.0[0m
[0;32mI (33) boot.esp32: SPI Speed      : 40MHz[0m
[0;32mI (37) boot.esp32: SPI Mode       : DIO[0m
[0;32mI (41) boot.esp32: SPI Flash Size : 2MB[0m
[0;32mI (44) boot: Enabling RNG early entropy source...[0m
[0;32mI (49) boot: Partition Table:[0m
[0;32mI (51) boot: ## Label            Usage          Type ST Offset   Length[0m
[0;32mI (58) boot:  0 nvs              WiFi data        01 02 00009000 00006000[0m
[0;32mI (64) boot:  1 phy_init         RF data          01 01 0000f000 00001000[0m
[0;32mI (71) boot:  2 factory          factory app      00 00 00010000 00100000[0m
[0;32mI (77) boot: End of partition table[0m
[0;32mI (81) esp_image: segment 0: paddr=00010020 vaddr=3f400020 size=0c78ch ( 51084) map[0m
[0;32mI (105) esp_image: segment 1: paddr=0001c7b4 vaddr=3ffb0000 size=02fb0h ( 12208) load[0m
[0;32mI (110) esp_image: segment 2: paddr=0001f76c vaddr=40080000 size=008ach (  2220) load[0m
[0;32mI (111) esp_image: segment 3: paddr=00020020 vaddr=400d0020 size=1faf4h (129780) map[0m
[0;32mI (161) esp_image: segment 4: paddr=0003fb1c vaddr=400808ac size=0d464h ( 54372) load[0m
[0;32mI (183) esp_image: segment 5: paddr=0004cf88 vaddr=50000000 size=00020h (    32) load[0m
[0;32mI (190) boot: Loaded app from partition at offset 0x10000[0m
[0;32mI (190) boot: Disabling RNG early entropy source...[0m
[0;32mI (201) cpu_start: Multicore app[0m
[0;32mI (209) cpu_start: Pro cpu start user code[0m
[0;32mI (209) cpu_start: cpu freq: 160000000 Hz[0m
[0;32mI (209) app_init: Application information:[0m
[0;32mI (212) app_init: Project name:     slave[0m
[0;32mI (217) app_init: App version:      e1cd562-dirty[0m
[0;32mI (222) app_init: Compile time:     Dec 25 2025 13:26:32[0m
[0;32mI (228) app_init: ELF file SHA256:  c9e4c205ca2dbf75...[0m
[0;32mI (234) app_init: ESP-IDF:          v5.5.1[0m
[0;32mI (239) efuse_init: Min chip rev:     v0.0[0m
[0;32mI (244) efuse_init: Max chip rev:     v3.99 [0m
[0;32mI (249) efuse_init: Chip rev:         v1.0[0m
[0;32mI (254) heap_init: Initializing. RAM available for dynamic allocation:[0m
[0;32mI (261) heap_init: At 3FFAE6E0 len 00001920 (6 KiB): DRAM[0m
[0;32mI (267) heap_init: At 3FFB5B90 len 0002A470 (169 KiB): DRAM[0m
[0;32mI (273) heap_init: At 3FFE0440 len 00003AE0 (14 KiB): D/IRAM[0m
[0;32mI (279) heap_init: At 3FFE4350 len 0001BCB0 (111 KiB): D/IRAM[0m
[0;32mI (286) heap_init: At 4008DD10 len 000122F0 (72 KiB): IRAM[0m
[0;32mI (293) spi_flash: detected chip: generic[0m
[0;32mI (297) spi_flash: flash io: dio[0m
[0;33mW (300) spi_flash: Detected size(4096k) larger than the size in the binary image header(2048k). Using the size in the binary image header.[0m
[0;32mI (314) main_task: Started on CPU0[0m
[0;32mI (324) main_task: Calling app_main()[0m
[0;32mI (504) APP_MAIN: Configurando hardware externo...[0m
[0;32mI (504) APP_MAIN: --- ARRANCANDO NODO CANOPEN (HÃ­brido PDO/Emergencia) ---[0m
[0;32mI (514) CO_LOGIC: Iniciando Comunicacion...[0m
[0;31mE (514) CO_driver: >>> DEBUG: Intentando iniciar CAN con TX=5 y RX=4[0m
[0;32mI (524) CO_driver: Driver installed[0m
[0;32mI (524) CO_driver: Driver started[0m
[0;32mI (534) CO_driver: Creating Tx Task[0m
[0;32mI (534) CO_driver: Creating Rx Task[0m
[0;32mI (534) CO_driver: tx task running[0m
[0;32mI (544) CO_driver: rx task running[0m
[0;32mI (534) CO_LOGIC: Creando Tarea Periodica...[0m
[0;32mI (554) CO_LOGIC: NODO OPERATIVO. ID: 255[0m
[0;32mI (694) CO_LOGIC: >>> [BUS] RX DATA[0m
[0;32mI (1564) CO_LOGIC: [AUTO] Actualizando OD 0x6000 a: 1[0m
[0;32mI (1694) CO_LOGIC: >>> [BUS] RX DATA[0m
[0;32mI (2574) CO_LOGIC: [AUTO] Actualizando OD 0x6000 a: 2[0m
[0;32mI (2694) CO_LOGIC: >>> [BUS] RX DATA[0m
[0;32mI (3584) CO_LOGIC: [AUTO] Actualizando OD 0x6000 a: 3[0m
[0;32mI (3694) CO_LOGIC: >>> [BUS] RX DATA[0m
[0;32mI (4594) CO_LOGIC: [AUTO] Actualizando OD 0x6000 a: 4[0m
[0;32mI (4694) CO_LOGIC: >>> [BUS] RX DATA[0m
[0;32mI (5604) CO_LOGIC: [AUTO] Actualizando OD 0x6000 a: 5[0m
[0;32mI (6004) CO_LOGIC: >>> [BUS] RX DATA[0m
[0;32mI (6014) CO_LOGIC: <<< [BUS] TX OK (ACK)[0m
[0;32mI (6014) CO_LOGIC: >>> [BUS] RX DATA[0m
[0;32mI (6024) CO_LOGIC: >>> [BUS] RX DATA[0m
[0;32mI (6064) CO_LOGIC: <<< [BUS] TX OK (ACK)[0m
[0;32mI (6064) CO_LOGIC: >>> [BUS] RX DATA[0m
[0;32mI (6074) CO_LOGIC: >>> [BUS] RX DATA[0m
[0;32mI (6114) CO_LOGIC: <<< [BUS] TX OK (ACK)[0m
[0;32mI (6114) CO_LOGIC: >>> [BUS] RX DATA[0m
[0;32mI (6124) CO_LOGIC: >>> [BUS] RX DATA[0m
[0;32mI (6164) CO_LOGIC: <<< [BUS] TX OK (ACK)[0m
[0;32mI (6164) CO_LOGIC: >>> [BUS] RX DATA[0m
[0;32mI (6174) CO_LOGIC: >>> [BUS] RX DATA[0m
[0;32mI (6214) CO_LOGIC: >>> [BUS] RX DATA[0m
[0;32mI (6224) CO_LOGIC: >>> [BUS] RX DATA[0m
[0;32mI (6264) CO_LOGIC: >>> [BUS] RX DATA[0m
[0;32mI (6274) CO_LOGIC: >>> [BUS] RX DATA[0m
[0;32mI (6314) CO_LOGIC: >>> [BUS] RX DATA[0m
[0;32mI (6324) CO_LOGIC: >>> [BUS] RX DATA[0m
[0;32mI (6364) CO_LOGIC: >>> [BUS] RX DATA[0m
[0;32mI (6374) CO_LOGIC: >>> [BUS] RX DATA[0m
[0;32mI (6414) CO_LOGIC: >>> [BUS] RX DATA[0m
[0;32mI (6424) CO_LOGIC: >>> [BUS] RX DATA[0m
[0;32mI (6464) CO_LOGIC: >>> [BUS] RX DATA[0m
[0;32mI (6474) CO_LOGIC: >>> [BUS] RX DATA[0m
[0;32mI (6514) CO_LOGIC: >>> [BUS] RX DATA[0m
[0;32mI (6524) CO_LOGIC: >>> [BUS] RX DATA[0m
[0;32mI (6564) CO_LOGIC: >>> [BUS] RX DATA[0m
[0;32mI (6574) CO_LOGIC: >>> [BUS] RX DATA[0m
[0;32mI (6614) CO_LOGIC: [AUTO] Actualizando OD 0x6000 a: 6[0m
[0;32mI (6614) CO_LOGIC: >>> [BUS] RX DATA[0m
[0;32mI (6624) CO_LOGIC: >>> [BUS] RX DATA[0m
[0;32mI (6664) CO_LOGIC: >>> [BUS] RX DATA[0m
[0;32mI (6674) CO_LOGIC: >>> [BUS] RX DATA[0m
[0;32mI (6714) CO_LOGIC: >>> [BUS] RX DATA[0m
[0;32mI (6724) CO_LOGIC: >>> [BUS] RX DATA[0m
[0;32mI (6764) CO_LOGIC: >>> [BUS] RX DATA[0m
[0;32mI (6774) CO_LOGIC: >>> [BUS] RX DATA[0m
[0;32mI (6814) CO_LOGIC: >>> [BUS] RX DATA[0m
[0;32mI (6824) CO_LOGIC: >>> [BUS] RX DATA[0m
[0;32mI (6864) CO_LOGIC: >>> [BUS] RX DATA[0m
[0;32mI (6874) CO_LOGIC: >>> [BUS] RX DATA[0m
[0;32mI (6914) CO_LOGIC: >>> [BUS] RX DATA[0m
[0;32mI (6924) CO_LOGIC: >>> [BUS] RX DATA[0m
[0;32mI (6964) CO_LOGIC: >>> [BUS] RX DATA[0m
[0;32mI (6974) CO_LOGIC: >>> [BUS] RX DATA[0m
[0;32mI (7004) CO_LOGIC: >>> [BUS] RX DATA[0m
[0;32mI (7014) CO_LOGIC: >>> [BUS] RX DATA[0m
[0;32mI (7024) CO_LOGIC: >>> [BUS] RX DATA[0m
[0;32mI (7064) CO_LOGIC: >>> [BUS] RX DATA[0m
[0;32mI (7074) CO_LOGIC: >>> [BUS] RX DATA[0m
[0;32mI (7114) CO_LOGIC: >>> [BUS] RX DATA[0m
[0;32mI (7124) CO_LOGIC: >>> [BUS] RX DATA[0m
[0;32mI (7164) CO_LOGIC: >>> [BUS] RX DATA[0m
[0;32mI (7174) CO_LOGIC: >>> [BUS] RX DATA[0m
[0;32mI (7214) CO_LOGIC: >>> [BUS] RX DATA[0m
[0;32mI (7224) CO_LOGIC: >>> [BUS] RX DATA[0m
[0;32mI (7264) CO_LOGIC: >>> [BUS] RX DATA[0m
[0;32mI (7274) CO_LOGIC: >>> [BUS] RX DATA[0m
[0;32mI (7314) CO_LOGIC: >>> [BUS] RX DATA[0m
[0;32mI (7324) CO_LOGIC: >>> [BUS] RX DATA[0m
[0;32mI (7364) CO_LOGIC: >>> [BUS] RX DATA[0m
[0;32mI (7374) CO_LOGIC: >>> [BUS] RX DATA[0m
[0;32mI (7414) CO_LOGIC: >>> [BUS] RX DATA[0m
[0;32mI (7424) CO_LOGIC: >>> [BUS] RX DATA[0m
[0;32mI (7464) CO_LOGIC: >>> [BUS] RX DATA[0m
[0;32mI (7474) CO_LOGIC: >>> [BUS] RX DATA[0m
[0;32mI (7514) CO_LOGIC: >>> [BUS] RX DATA[0m
[0;32mI (7524) CO_LOGIC: >>> [BUS] RX DATA[0m
[0;32mI (7564) CO_LOGIC: >>> [BUS] RX DATA[0m
[0;32mI (7574) CO_LOGIC: >>> [BUS] RX DATA[0m
[0;32mI (7614) CO_LOGIC: >>> [BUS] RX DATA[0m
[0;32mI (7624) CO_LOGIC: [AUTO] Actualizando OD 0x6000 a: 7[0m
[0;32mI (7624) CO_LOGIC: >>> [BUS] RX DATA[0m
[0;32mI (7664) CO_LOGIC: >>> [BUS] RX DATA[0m
[0;32mI (7674) CO_LOGIC: >>> [BUS] RX DATA[0m
[0;32mI (7714) CO_LOGIC: >>> [BUS] RX DATA[0m
[0;32mI (7724) CO_LOGIC: >>> [BUS] RX DATA[0m
[0;32mI (7764) CO_LOGIC: >>> [BUS] RX DATA[0m
[0;32mI (7774) CO_LOGIC: >>> [BUS] RX DATA[0m
[0;32mI (7814) CO_LOGIC: >>> [BUS] RX DATA[0m
[0;32mI (7824) CO_LOGIC: >>> [BUS] RX DATA[0m
[0;32mI (7874) CO_LOGIC: >>> [BUS] RX DATA[0m
[0;32mI (7884) CO_LOGIC: >>> [BUS] RX DATA[0m
[0;32mI (7894) CO_LOGIC: >>> [BUS] RX DATA[0m
[0;32mI (7904) CO_LOGIC: >>> [BUS] RX DATA[0m
[0;32mI (8004) CO_LOGIC: >>> [BUS] RX DATA[0m
[0;32mI (8634) CO_LOGIC: [AUTO] Actualizando OD 0x6000 a: 8[0m
[0;32mI (9004) CO_LOGIC: >>> [BUS] RX DATA[0m
[0;32mI (9644) CO_LOGIC: [AUTO] Actualizando OD 0x6000 a: 9[0m
[0;32mI (10004) CO_LOGIC: >>> [BUS] RX DATA[0m
[0;32mI (10654) CO_LOGIC: [AUTO] Actualizando OD 0x6000 a: 10[0m
[0;32mI (11004) CO_LOGIC: >>> [BUS] RX DATA[0m
[0;32mI (11664) CO_LOGIC: [AUTO] Actualizando OD 0x6000 a: 11[0m
[0;32mI (12004) CO_LOGIC: >>> [BUS] RX DATA[0m
[0;32mI (12674) CO_LOGIC: [AUTO] Actualizando OD 0x6000 a: 12[0m
[0;32mI (13004) CO_LOGIC: >>> [BUS] RX DATA[0m
[0;32mI (13684) CO_LOGIC: [AUTO] Actualizando OD 0x6000 a: 13[0m
[0;32mI (14004) CO_LOGIC: >>> [BUS] RX DATA[0m
[0;32mI (14694) CO_LOGIC: [AUTO] Actualizando OD 0x6000 a: 14[0m
[0;32mI (15004) CO_LOGIC: >>> [BUS] RX DATA[0m
[0;32mI (15704) CO_LOGIC: [AUTO] Actualizando OD 0x6000 a: 15[0m
[0;32mI (16004) CO_LOGIC: >>> [BUS] RX DATA[0m
[0;32mI (16714) CO_LOGIC: [AUTO] Actualizando OD 0x6000 a: 16[0m
[0;32mI (17004) CO_LOGIC: >>> [BUS] RX DATA[0m
[0;32mI (17724) CO_LOGIC: [AUTO] Actualizando OD 0x6000 a: 17[0m
[0;32mI (18004) CO_LOGIC: >>> [BUS] RX DATA[0m
[0;32mI (18734) CO_LOGIC: [AUTO] Actualizando OD 0x6000 a: 18[0m
[0;32mI (19004) CO_LOGIC: >>> [BUS] RX DATA[0m
[0;32mI (19744) CO_LOGIC: [AUTO] Actualizando OD 0x6000 a: 19[0m
[0;32mI (20004) CO_LOGIC: >>> [BUS] RX DATA[0m
[0;32mI (20754) CO_LOGIC: [AUTO] Actualizando OD 0x6000 a: 20[0m
[0;32mI (21004) CO_LOGIC: >>> [BUS] RX DATA[0m
[0;32mI (21764) CO_LOGIC: [AUTO] Actualizando OD 0x6000 a: 21[0m
[0;32mI (22004) CO_LOGIC: >>> [BUS] RX DATA[0m
[0;32mI (22774) CO_LOGIC: [AUTO] Actualizando OD 0x6000 a: 22[0m
[0;32mI (23004) CO_LOGIC: >>> [BUS] RX DATA[0m
[0;32mI (23784) CO_LOGIC: [AUTO] Actualizando OD 0x6000 a: 23[0m
[0;32mI (24004) CO_LOGIC: >>> [BUS] RX DATA[0m
[0;32mI (24794) CO_LOGIC: [AUTO] Actualizando OD 0x6000 a: 24[0m
[0;32mI (25004) CO_LOGIC: >>> [BUS] RX DATA[0m
[0;32mI (25804) CO_LOGIC: [AUTO] Actualizando OD 0x6000 a: 25[0m
[0;32mI (26004) CO_LOGIC: >>> [BUS] RX DATA[0m
[0;32mI (26814) CO_LOGIC: [AUTO] Actualizando OD 0x6000 a: 26[0m
[0;32mI (27004) CO_LOGIC: >>> [BUS] RX DATA[0m
[0;32mI (27824) CO_LOGIC: [AUTO] Actualizando OD 0x6000 a: 27[0m
[0;32mI (28004) CO_LOGIC: >>> [BUS] RX DATA[0m
[0;32mI (28834) CO_LOGIC: [AUTO] Actualizando OD 0x6000 a: 28[0m
[0;32mI (29004) CO_LOGIC: >>> [BUS] RX DATA[0m
ets Jun  8 2016 00:22:57

rst:0x1 (POWERON_RESET),boot:0x17 (SPI_FAST_FLASH_BOOT)
configsip: 0, SPIWP:0xee
clk_drv:0x00,q_drv:0x00,d_drv:0x00,cs0_drv:0x00,hd_drv:0x00,wp_drv:0x00
mode:DIO, clock div:2
load:0x3fff0030,len:6380
ho 0 tail 12 room 4
load:0x40078000,len:15916
load:0x40080400,len:3860
entry 0x40080638
[0;32mI (29) boot: ESP-IDF v5.5.1 2nd stage bootloader[0m
[0;32mI (29) boot: compile time Dec 25 2025 13:27:01[0m
[0;32mI (29) boot: Multicore bootloader[0m
[0;32mI (31) boot: chip revision: v1.0[0m
[0;32mI (33) boot.esp32: SPI Speed      : 40MHz[0m
[0;32mI (37) boot.esp32: SPI Mode       : DIO[0m
[0;32mI (41) boot.esp32: SPI Flash Size : 2MB[0m
[0;32mI (44) boot: Enabling RNG early entropy source...[0m
[0;32mI (49) boot: Partition Table:[0m
[0;32mI (51) boot: ## Label            Usage          Type ST Offset   Length[0m
[0;32mI (58) boot:  0 nvs              WiFi data        01 02 00009000 00006000[0m
[0;32mI (64) boot:  1 phy_init         RF data          01 01 0000f000 00001000[0m
[0;32mI (71) boot:  2 factory          factory app      00 00 00010000 00100000[0m
[0;32mI (77) boot: End of partition table[0m
[0;32mI (81) esp_image: segment 0: paddr=00010020 vaddr=3f400020 size=0c78ch ( 51084) map[0m
[0;32mI (105) esp_image: segment 1: paddr=0001c7b4 vaddr=3ffb0000 size=02fb0h ( 12208) load[0m
[0;32mI (110) esp_image: segment 2: paddr=0001f76c vaddr=40080000 size=008ach (  2220) load[0m
[0;32mI (111) esp_image: segment 3: paddr=00020020 vaddr=400d0020 size=1faf4h (129780) map[0m
[0;32mI (161) esp_image: segment 4: paddr=0003fb1c vaddr=400808ac size=0d464h ( 54372) load[0m
[0;32mI (183) esp_image: segment 5: paddr=0004cf88 vaddr=50000000 size=00020h (    32) load[0m
[0;32mI (190) boot: Loaded app from partition at offset 0x10000[0m
[0;32mI (190) boot: Disabling RNG early entropy source...[0m
[0;32mI (201) cpu_start: Multicore app[0m
[0;32mI (209) cpu_start: Pro cpu start user code[0m
[0;32mI (209) cpu_start: cpu freq: 160000000 Hz[0m
[0;32mI (209) app_init: Application information:[0m
[0;32mI (212) app_init: Project name:     slave[0m
[0;32mI (217) app_init: App version:      e1cd562-dirty[0m
[0;32mI (222) app_init: Compile time:     Dec 25 2025 13:26:32[0m
[0;32mI (228) app_init: ELF file SHA256:  c9e4c205ca2dbf75...[0m
[0;32mI (234) app_init: ESP-IDF:          v5.5.1[0m
[0;32mI (239) efuse_init: Min chip rev:     v0.0[0m
[0;32mI (244) efuse_init: Max chip rev:     v3.99 [0m
[0;32mI (249) efuse_init: Chip rev:         v1.0[0m
[0;32mI (254) heap_init: Initializing. RAM available for dynamic allocation:[0m
[0;32mI (261) heap_init: At 3FFAE6E0 len 00001920 (6 KiB): DRAM[0m
[0;32mI (267) heap_init: At 3FFB5B90 len 0002A470 (169 KiB): DRAM[0m
[0;32mI (273) heap_init: At 3FFE0440 len 00003AE0 (14 KiB): D/IRAM[0m
[0;32mI (279) heap_init: At 3FFE4350 len 0001BCB0 (111 KiB): D/IRAM[0m
[0;32mI (286) heap_init: At 4008DD10 len 000122F0 (72 KiB): IRAM[0m
[0;32mI (293) spi_flash: detected chip: generic[0m
[0;32mI (297) spi_flash: flash io: dio[0m
[0;33mW (300) spi_flash: Detected size(4096k) larger than the size in the binary image header(2048k). Using the size in the binary image header.[0m
[0;32mI (314) main_task: Started on CPU0[0m
[0;32mI (324) main_task: Calling app_main()[0m
[0;32mI (614) APP_MAIN: Configurando hardware externo...[0m
[0;32mI (614) APP_MAIN: --- ARRANCANDO NODO CANOPEN (HÃ­brido PDO/Emergencia) ---[0m
[0;32mI (614) CO_LOGIC: Iniciando Comunicacion...[0m
[0;31mE (624) CO_driver: >>> DEBUG: Intentando iniciar CAN con TX=5 y RX=4[0m
[0;32mI (634) CO_driver: Driver installed[0m
[0;32mI (634) CO_driver: Driver started[0m
[0;32mI (634) CO_driver: Creating Tx Task[0m
[0;32mI (644) CO_driver: Creating Rx Task[0m
[0;32mI (644) CO_driver: tx task running[0m
[0;32mI (654) CO_driver: rx task running[0m
[0;32mI (644) CO_LOGIC: Creando Tarea Periodica...[0m
[0;32mI (664) CO_LOGIC: NODO OPERATIVO. ID: 255[0m
[0;32mI (1384) CO_LOGIC: >>> [BUS] RX DATA[0m
[0;32mI (1394) CO_LOGIC: <<< [BUS] TX OK (ACK)[0m
[0;32mI (1394) CO_LOGIC: >>> [BUS] RX DATA[0m
[0;32mI (1404) CO_LOGIC: >>> [BUS] RX DATA[0m
[0;32mI (1444) CO_LOGIC: <<< [BUS] TX OK (ACK)[0m
[0;32mI (1444) CO_LOGIC: >>> [BUS] RX DATA[0m
[0;32mI (1494) CO_LOGIC: <<< [BUS] TX OK (ACK)[0m
[0;32mI (1494) CO_LOGIC: >>> [BUS] RX DATA[0m
[0;32mI (1544) CO_LOGIC: <<< [BUS] TX OK (ACK)[0m
[0;32mI (1544) CO_LOGIC: >>> [BUS] RX DATA[0m
[0;32mI (1594) CO_LOGIC: >>> [BUS] RX DATA[0m
[0;32mI (1644) CO_LOGIC: >>> [BUS] RX DATA[0m
[0;32mI (1674) CO_LOGIC: [AUTO] Actualizando OD 0x6000 a: 1[0m
[0;32mI (1694) CO_LOGIC: >>> [BUS] RX DATA[0m
[0;32mI (1744) CO_LOGIC: >>> [BUS] RX DATA[0m
[0;32mI (1794) CO_LOGIC: >>> [BUS] RX DATA[0m
[0;32mI (1844) CO_LOGIC: >>> [BUS] RX DATA[0m
[0;32mI (1894) CO_LOGIC: >>> [BUS] RX DATA[0m
[0;32mI (1944) CO_LOGIC: >>> [BUS] RX DATA[0m
[0;32mI (1994) CO_LOGIC: >>> [BUS] RX DATA[0m
[0;32mI (2044) CO_LOGIC: >>> [BUS] RX DATA[0m
[0;32mI (2094) CO_LOGIC: >>> [BUS] RX DATA[0m
[0;32mI (2144) CO_LOGIC: >>> [BUS] RX DATA[0m
[0;32mI (2194) CO_LOGIC: >>> [BUS] RX DATA[0m
[0;32mI (2244) CO_LOGIC: >>> [BUS] RX DATA[0m
[0;32mI (2294) CO_LOGIC: >>> [BUS] RX DATA[0m
[0;32mI (2344) CO_LOGIC: >>> [BUS] RX DATA[0m
[0;32mI (2384) CO_LOGIC: >>> [BUS] RX DATA[0m
[0;32mI (2394) CO_LOGIC: >>> [BUS] RX DATA[0m
[0;32mI (2444) CO_LOGIC: >>> [BUS] RX DATA[0m
[0;32mI (2494) CO_LOGIC: >>> [BUS] RX DATA[0m
[0;32mI (2544) CO_LOGIC: >>> [BUS] RX DATA[0m
[0;32mI (2594) CO_LOGIC: >>> [BUS] RX DATA[0m
[0;32mI (2644) CO_LOGIC: >>> [BUS] RX DATA[0m
[0;32mI (2684) CO_LOGIC: [AUTO] Actualizando OD 0x6000 a: 2[0m
[0;32mI (2694) CO_LOGIC: >>> [BUS] RX DATA[0m
[0;32mI (2744) CO_LOGIC: >>> [BUS] RX DATA[0m
[0;32mI (2794) CO_LOGIC: >>> [BUS] RX DATA[0m
[0;32mI (2844) CO_LOGIC: >>> [BUS] RX DATA[0m
[0;32mI (2894) CO_LOGIC: >>> [BUS] RX DATA[0m
[0;32mI (2944) CO_LOGIC: >>> [BUS] RX DATA[0m
[0;32mI (2994) CO_LOGIC: >>> [BUS] RX DATA[0m
[0;32mI (3044) CO_LOGIC: >>> [BUS] RX DATA[0m
[0;32mI (3094) CO_LOGIC: >>> [BUS] RX DATA[0m
[0;32mI (3144) CO_LOGIC: >>> [BUS] RX DATA[0m
[0;32mI (3194) CO_LOGIC: >>> [BUS] RX DATA[0m
[0;32mI (3254) CO_LOGIC: >>> [BUS] RX DATA[0m
[0;32mI (3274) CO_LOGIC: >>> [BUS] RX DATA[0m
[0;32mI (3384) CO_LOGIC: >>> [BUS] RX DATA[0m
[0;32mI (3694) CO_LOGIC: [AUTO] Actualizando OD 0x6000 a: 3[0m
[0;32mI (4384) CO_LOGIC: >>> [BUS] RX DATA[0m
[0;32mI (4704) CO_LOGIC: [AUTO] Actualizando OD 0x6000 a: 4[0m
[0;32mI (5384) CO_LOGIC: >>> [BUS] RX DATA[0m
[0;32mI (5714) CO_LOGIC: [AUTO] Actualizando OD 0x6000 a: 5[0m
[0;32mI (6384) CO_LOGIC: >>> [BUS] RX DATA[0m
[0;32mI (6724) CO_LOGIC: [AUTO] Actualizando OD 0x6000 a: 6[0m
[0;32mI (7384) CO_LOGIC: >>> [BUS] RX DATA[0m
[0;32mI (7734) CO_LOGIC: [AUTO] Actualizando OD 0x6000 a: 7[0m
[0;32mI (8384) CO_LOGIC: >>> [BUS] RX DATA[0m
[0;32mI (8744) CO_LOGIC: [AUTO] Actualizando OD 0x6000 a: 8[0m
[0;32mI (9384) CO_LOGIC: >>> [BUS] RX DATA[0m
[0;32mI (9754) CO_LOGIC: [AUTO] Actualizando OD 0x6000 a: 9[0m
[0;32mI (10384) CO_LOGIC: >>> [BUS] RX DATA[0m
[0;32mI (10764) CO_LOGIC: [AUTO] Actualizando OD 0x6000 a: 10[0m
[0;32mI (11384) CO_LOGIC: >>> [BUS] RX DATA[0m
[0;32mI (11774) CO_LOGIC: [AUTO] Actualizando OD 0x6000 a: 11[0m
[0;32mI (12384) CO_LOGIC: >>> [BUS] RX DATA[0m
[0;32mI (12784) CO_LOGIC: [AUTO] Actualizando OD 0x6000 a: 12[0m
[0;32mI (13384) CO_LOGIC: >>> [BUS] RX DATA[0m
[0;32mI (13794) CO_LOGIC: [AUTO] Actualizando OD 0x6000 a: 13[0m
[0;32mI (14384) CO_LOGIC: >>> [BUS] RX DATA[0m
[0;32mI (14804) CO_LOGIC: [AUTO] Actualizando OD 0x6000 a: 14[0m
[0;32mI (15384) CO_LOGIC: >>> [BUS] RX DATA[0m
[0;32mI (15814) CO_LOGIC: [AUTO] Actualizando OD 0x6000 a: 15[0m
[0;32mI (16384) CO_LOGIC: >>> [BUS] RX DATA[0m
[0;32mI (16824) CO_LOGIC: [AUTO] Actualizando OD 0x6000 a: 16[0m
[0;32mI (17384) CO_LOGIC: >>> [BUS] RX DATA[0m
[0;32mI (17834) CO_LOGIC: [AUTO] Actualizando OD 0x6000 a: 17[0m
[0;32mI (18384) CO_LOGIC: >>> [BUS] RX DATA[0m
[0;32mI (18844) CO_LOGIC: [AUTO] Actualizando OD 0x6000 a: 18[0m
[0;32mI (19384) CO_LOGIC: >>> [BUS] RX DATA[0m
[0;32mI (19854) CO_LOGIC: [AUTO] Actualizando OD 0x6000 a: 19[0m
[0;32mI (20384) CO_LOGIC: >>> [BUS] RX DATA[0m
[0;32mI (20864) CO_LOGIC: [AUTO] Actualizando OD 0x6000 a: 20[0m
[0;32mI (21384) CO_LOGIC: >>> [BUS] RX DATA[0m
[0;32mI (21874) CO_LOGIC: [AUTO] Actualizando OD 0x6000 a: 21[0m
[0;32mI (22384) CO_LOGIC: >>> [BUS] RX DATA[0m
[0;32mI (22884) CO_LOGIC: [AUTO] Actualizando OD 0x6000 a: 22[0m
[0;32mI (23384) CO_LOGIC: >>> [BUS] RX DATA[0m
[0;32mI (23894) CO_LOGIC: [AUTO] Actualizando OD 0x6000 a: 23[0m
[0;32mI (24384) CO_LOGIC: >>> [BUS] RX DATA[0m
[0;32mI (24904) CO_LOGIC: [AUTO] Actualizando OD 0x6000 a: 24[0m
[0;32mI (25384) CO_LOGIC: >>> [BUS] RX DATA[0m
[0;32mI (25914) CO_LOGIC: [AUTO] Actualizando OD 0x6000 a: 25[0m
[0;32mI (26384) CO_LOGIC: >>> [BUS] RX DATA[0m
[0;32mI (26924) CO_LOGIC: [AUTO] Actualizando OD 0x6000 a: 26[0m
[0;32mI (27384) CO_LOGIC: >>> [BUS] RX DATA[0m
[0;32mI (27934) CO_LOGIC: [AUTO] Actualizando OD 0x6000 a: 27[0m
[0;32mI (28384) CO_LOGIC: >>> [BUS] RX DATA[0m
[0;32mI (28944) CO_LOGIC: [AUTO] Actualizando OD 0x6000 a: 28[0m
[0;32mI (29354) CO_LOGIC: >>> [BUS] RX DATA[0m
[0;32mI (29364) CO_LOGIC: >>> [BUS] RX DATA[0m
[0;32mI (29384) CO_LOGIC: >>> [BUS] RX DATA[0m
[0;32mI (29954) CO_LOGIC: [AUTO] Actualizando OD 0x6000 a: 29[0m
[0;32mI (30384) CO_LOGIC: >>> [BUS] RX DATA[0m
[0;32mI (30964) CO_LOGIC: [AUTO] Actualizando OD 0x6000 a: 30[0m
[0;32mI (31384) CO_LOGIC: >>> [BUS] RX DATA[0m
[0;32mI (31974) CO_LOGIC: [AUTO] Actualizando OD 0x6000 a: 31[0m
[0;32mI (32384) CO_LOGIC: >>> [BUS] RX DATA[0m
[0;32mI (32984) CO_LOGIC: [AUTO] Actualizando OD 0x6000 a: 32[0m
[0;32mI (33384) CO_LOGIC: >>> [BUS] RX DATA[0m
[0;32mI (33994) CO_LOGIC: [AUTO] Actualizando OD 0x6000 a: 33[0m
[0;32mI (34384) CO_LOGIC: >>> [BUS] RX DATA[0m
[0;32mI (35004) CO_LOGIC: [AUTO] Actualizando OD 0x6000 a: 34[0m
[0;32mI (35384) CO_LOGIC: >>> [BUS] RX DATA[0m
[0;32mI (36014) CO_LOGIC: [AUTO] Actualizando OD 0x6000 a: 35[0m
[0;32mI (36384) CO_LOGIC: >>> [BUS] RX DATA[0m
[0;32mI (37024) CO_LOGIC: [AUTO] Actualizando OD 0x6000 a: 36[0m
[0;32mI (37384) CO_LOGIC: >>> [BUS] RX DATA[0m
[0;32mI (38034) CO_LOGIC: [AUTO] Actualizando OD 0x6000 a: 37[0m
[0;32mI (38384) CO_LOGIC: >>> [BUS] RX DATA[0m
